[2026-06-02T00:29:07.984Z] GET http://127.0.0.1:34567/welcome → 200 (34ms, 499B)
[2026-06-02T00:29:48.304Z] GET https://seunegociofralib.site/dashboard.html → 301 (329ms, 162B)
[2026-06-02T00:29:48.636Z] GET https://seunegociofralib.site/admin → 301 (38ms, 162B)
[2026-06-02T00:29:48.675Z] GET https://seunegociofralib.site/admin.html → 200 (69ms, 88698B)
[2026-06-02T00:29:48.865Z] GET https://fonts.googleapis.com/css2?family=Press+Start+2P&family=DM+Sans:opsz,wght@9..40,300;9..40,400;9..40,500;9..40,600;9..40,700&family=JetBrains+Mono:wght@400;500&display=swap → pending (?ms, ?B)
[2026-06-02T00:29:48.865Z] GET https://seunegociofralib.site/css/toast.css → 200 (72ms, 399B)
[2026-06-02T00:29:48.866Z] GET https://seunegociofralib.site/js/chart.min.js?v=20260429 → 200 (225ms, 205222B)
[2026-06-02T00:29:49.083Z] GET https://seunegociofralib.site/sites/2/oticas-multivisao/ → 200 (59ms, 17489B)
[2026-06-02T00:29:49.174Z] GET https://cdn.tailwindcss.com/ → pending (?ms, ?B)
[2026-06-02T00:29:49.174Z] GET https://fonts.googleapis.com/css2?family=Anton&family=Cormorant+Garamond:wght@500;700&family=Outfit:wght@300;400;500;700;900&display=swap → pending (?ms, ?B)
[2026-06-02T00:29:49.174Z] GET https://cdn.jsdelivr.net/npm/gsap@3.12.5/dist/gsap.min.js → pending (?ms, ?B)
[2026-06-02T00:29:49.174Z] GET https://cdn.jsdelivr.net/npm/gsap@3.12.5/dist/ScrollTrigger.min.js → pending (?ms, ?B)
[2026-06-02T00:29:49.174Z] GET https://cdn.jsdelivr.net/npm/@studio-freight/lenis@1.0.42/dist/lenis.min.js → pending (?ms, ?B)
[2026-06-02T00:29:49.175Z] GET https://images.unsplash.com/photo-1596049690278-8fa153fd4382?crop=entropy&cs=tinysrgb&fit=max&fm=jpg&ixid=M3w5MDEyMjl8MHwxfHNlYXJjaHwyfHxnbGFzc2VzJTIwZnJhbWVzJTIwY2xvc2V1cHxlbnwxfDB8fHwxNzgwMjU2NDQ4fDA&ixlib=rb-4.1.0&q=80&w=1080 → pending (?ms, ?B)
[2026-06-02T00:29:49.175Z] GET https://images.unsplash.com/photo-1758656321519-02fb5f48dc7e?crop=entropy&cs=tinysrgb&fit=max&fm=jpg&ixid=M3w5MDEyMjl8MHwxfHNlYXJjaHwzfHx2aXNpb24lMjBjYXJlJTIwcHJvZmVzc2lvbmFsfGVufDF8MHx8fDE3ODAyNTY0NTB8MA&ixlib=rb-4.1.0&q=80&w=1080 → pending (?ms, ?B)
[2026-06-02T00:29:49.175Z] GET https://images.unsplash.com/photo-1574422282888-4c30455ccdcf?crop=entropy&cs=tinysrgb&fit=max&fm=jpg&ixid=M3w5MDEyMjl8MHwxfHNlYXJjaHwxfHxnbGFzc2VzJTIwZnJhbWVzJTIwY2xvc2V1cHxlbnwxfDB8fHwxNzgwMjU2NDQ4fDA&ixlib=rb-4.1.0&q=80&w=1080 → pending (?ms, ?B)
[2026-06-02T00:29:49.175Z] GET https://images.unsplash.com/photo-1714419835061-71c97189e5b5?crop=entropy&cs=tinysrgb&fit=max&fm=jpg&ixid=M3w5MDEyMjl8MHwxfHNlYXJjaHw0fHxzdW5nbGFzc2VzJTIwZGlzcGxheSUyMHJldGFpbHxlbnwxfDB8fHwxNzgwMjU2NDQ5fDA&ixlib=rb-4.1.0&q=80&w=1080 → pending (?ms, ?B)
[2026-06-02T00:29:49.175Z] GET https://images.unsplash.com/photo-1608539733292-190446b22b83?crop=entropy&cs=tinysrgb&fit=max&fm=jpg&ixid=M3w5MDEyMjl8MHwxfHNlYXJjaHwyfHxzdW5nbGFzc2VzJTIwZGlzcGxheSUyMHJldGFpbHxlbnwxfDB8fHwxNzgwMjU2NDQ5fDA&ixlib=rb-4.1.0&q=80&w=1080 → pending (?ms, ?B)
[2026-06-02T00:29:49.693Z] GET https://cdn.tailwindcss.com/3.4.17 → 200 (210ms, 126953B)
[2026-06-02T00:30:24.271Z] GET https://seunegociofralib.site/dashboard.html → 301 (5ms, 162B)
[2026-06-02T00:30:24.277Z] GET https://seunegociofralib.site/admin → 301 (3ms, 162B)
[2026-06-02T00:30:24.281Z] GET https://seunegociofralib.site/admin.html → 200 (23ms, ?B)
[2026-06-02T00:30:24.338Z] GET https://fonts.googleapis.com/css2?family=Press+Start+2P&family=DM+Sans:opsz,wght@9..40,300;9..40,400;9..40,500;9..40,600;9..40,700&family=JetBrains+Mono:wght@400;500&display=swap → 200 (102ms, 1021B)
[2026-06-02T00:30:24.340Z] GET https://seunegociofralib.site/css/toast.css → 200 (40ms, ?B)
[2026-06-02T00:30:24.340Z] GET https://seunegociofralib.site/js/chart.min.js?v=20260429 → 200 (73ms, ?B)
[2026-06-02T00:30:24.455Z] GET https://seunegociofralib.site/js/socket.io.min.js?v=20260429 → 200 (94ms, 49732B)
[2026-06-02T00:30:24.561Z] GET https://seunegociofralib.site/js/toast.js?v=20260429 → 200 (36ms, 339B)
[2026-06-02T00:30:24.603Z] GET https://seunegociofralib.site/js/socket-client.js?v=20260429 → 200 (38ms, 343B)
[2026-06-02T00:30:24.642Z] GET https://seunegociofralib.site/js/auth-helper.js?v=20260429 → 200 (24ms, ?B)
[2026-06-02T00:30:24.672Z] GET https://seunegociofralib.site/js/twofa-setup.js?v=20260429 → 200 (24ms, 326B)
[2026-06-02T00:30:24.712Z] GET https://seunegociofralib.site/assets/logo-fralib.png → 200 (133ms, 83024B)
[2026-06-02T00:30:25.108Z] GET https://fonts.gstatic.com/s/jetbrainsmono/v24/tDbv2o-flEEny0FZhsfKu5WU4zr3E_BX0PnT8RD8yKwBNntkaToggR7BYRbKPxDcwg.woff2 → pending (?ms, ?B)
[2026-06-02T00:30:25.109Z] GET https://fonts.gstatic.com/s/pressstart2p/v16/e3t4euO8T-267oIAQAu6jDQyK3nVivM.woff2 → pending (?ms, ?B)
[2026-06-02T00:30:25.109Z] GET https://fonts.gstatic.com/s/dmsans/v17/rP2Hp2ywxg089UriCZOIHQ.woff2 → pending (?ms, ?B)
[2026-06-02T00:30:25.279Z] GET https://seunegociofralib.site/login → 200 (78ms, 7855B)
[2026-06-02T00:30:25.284Z] GET https://seunegociofralib.site/api/pipeline/status → pending (?ms, ?B)
[2026-06-02T00:30:25.393Z] GET https://fonts.googleapis.com/css2?family=Press+Start+2P&family=DM+Sans:opsz,wght@9..40,300;9..40,400;9..40,500;9..40,600;9..40,700&family=JetBrains+Mono:wght@400;500&display=swap → 200 (2ms, -743B)
[2026-06-02T00:30:25.396Z] GET https://seunegociofralib.site/images/Logo%20FraLib.png → 200 (75ms, 83024B)
[2026-06-02T00:30:25.396Z] GET https://seunegociofralib.site/images/Mestre%20Fralib%20-%20Mago%20da%20IA.png → 200 (75ms, ?B)
[2026-06-02T00:30:25.439Z] GET https://fonts.gstatic.com/s/dmsans/v17/rP2Hp2ywxg089UriCZOIHQ.woff2 → pending (?ms, ?B)
[2026-06-02T00:30:25.440Z] GET https://fonts.gstatic.com/s/jetbrainsmono/v24/tDbv2o-flEEny0FZhsfKu5WU4zr3E_BX0PnT8RD8yKwBNntkaToggR7BYRbKPxDcwg.woff2 → pending (?ms, ?B)
[2026-06-02T00:30:25.441Z] GET https://fonts.gstatic.com/s/pressstart2p/v16/e3t4euO8T-267oIAQAu6jDQyK3nVivM.woff2 → pending (?ms, ?B)
[2026-06-02T00:30:49.893Z] GET https://seunegociofralib.site/sites/2/oticas-multivisao/ → 200 (4ms, -277B)
[2026-06-02T00:30:49.915Z] GET https://cdn.tailwindcss.com/ → 200 (8ms, -750B)
[2026-06-02T00:30:49.923Z] GET https://fonts.googleapis.com/css2?family=Anton&family=Cormorant+Garamond:wght@500;700&family=Outfit:wght@300;400;500;700;900&display=swap → 200 (?ms, -743B)
[2026-06-02T00:30:49.924Z] GET https://cdn.jsdelivr.net/npm/gsap@3.12.5/dist/gsap.min.js → 200 (?ms, -1124B)
[2026-06-02T00:30:49.925Z] GET https://cdn.jsdelivr.net/npm/gsap@3.12.5/dist/ScrollTrigger.min.js → 200 (?ms, -1130B)
[2026-06-02T00:30:49.925Z] GET https://cdn.jsdelivr.net/npm/@studio-freight/lenis@1.0.42/dist/lenis.min.js → 200 (1ms, -1133B)
[2026-06-02T00:30:49.926Z] GET https://images.unsplash.com/photo-1596049690278-8fa153fd4382?crop=entropy&cs=tinysrgb&fit=max&fm=jpg&ixid=M3w5MDEyMjl8MHwxfHNlYXJjaHwyfHxnbGFzc2VzJTIwZnJhbWVzJTIwY2xvc2V1cHxlbnwxfDB8fHwxNzgwMjU2NDQ4fDA&ixlib=rb-4.1.0&q=80&w=1080 → 200 (?ms, -586B)
[2026-06-02T00:30:49.927Z] GET https://images.unsplash.com/photo-1758656321519-02fb5f48dc7e?crop=entropy&cs=tinysrgb&fit=max&fm=jpg&ixid=M3w5MDEyMjl8MHwxfHNlYXJjaHwzfHx2aXNpb24lMjBjYXJlJTIwcHJvZmVzc2lvbmFsfGVufDF8MHx8fDE3ODAyNTY0NTB8MA&ixlib=rb-4.1.0&q=80&w=1080 → 200 (?ms, -587B)
[2026-06-02T00:30:49.928Z] GET https://images.unsplash.com/photo-1574422282888-4c30455ccdcf?crop=entropy&cs=tinysrgb&fit=max&fm=jpg&ixid=M3w5MDEyMjl8MHwxfHNlYXJjaHwxfHxnbGFzc2VzJTIwZnJhbWVzJTIwY2xvc2V1cHxlbnwxfDB8fHwxNzgwMjU2NDQ4fDA&ixlib=rb-4.1.0&q=80&w=1080 → 200 (4ms, -586B)
[2026-06-02T00:30:49.933Z] GET https://images.unsplash.com/photo-1714419835061-71c97189e5b5?crop=entropy&cs=tinysrgb&fit=max&fm=jpg&ixid=M3w5MDEyMjl8MHwxfHNlYXJjaHw0fHxzdW5nbGFzc2VzJTIwZGlzcGxheSUyMHJldGFpbHxlbnwxfDB8fHwxNzgwMjU2NDQ5fDA&ixlib=rb-4.1.0&q=80&w=1080 → 200 (?ms, -586B)
[2026-06-02T00:30:49.934Z] GET https://images.unsplash.com/photo-1608539733292-190446b22b83?crop=entropy&cs=tinysrgb&fit=max&fm=jpg&ixid=M3w5MDEyMjl8MHwxfHNlYXJjaHwyfHxzdW5nbGFzc2VzJTIwZGlzcGxheSUyMHJldGFpbHxlbnwxfDB8fHwxNzgwMjU2NDQ5fDA&ixlib=rb-4.1.0&q=80&w=1080 → 200 (?ms, -587B)
[2026-06-02T00:32:04.367Z] GET https://seunegociofralib.site/sites/2/oticas-multivisao/ → 200 (5ms, -277B)
[2026-06-02T00:32:04.388Z] GET https://cdn.tailwindcss.com/ → 200 (?ms, -750B)
[2026-06-02T00:32:04.398Z] GET https://fonts.googleapis.com/css2?family=Anton&family=Cormorant+Garamond:wght@500;700&family=Outfit:wght@300;400;500;700;900&display=swap → 200 (?ms, -743B)
[2026-06-02T00:32:04.399Z] GET https://cdn.jsdelivr.net/npm/gsap@3.12.5/dist/gsap.min.js → 200 (?ms, -1124B)
[2026-06-02T00:32:04.399Z] GET https://cdn.jsdelivr.net/npm/gsap@3.12.5/dist/ScrollTrigger.min.js → 200 (1ms, -1130B)
[2026-06-02T00:32:04.400Z] GET https://cdn.jsdelivr.net/npm/@studio-freight/lenis@1.0.42/dist/lenis.min.js → 200 (1ms, -1133B)
[2026-06-02T00:32:04.401Z] GET https://images.unsplash.com/photo-1596049690278-8fa153fd4382?crop=entropy&cs=tinysrgb&fit=max&fm=jpg&ixid=M3w5MDEyMjl8MHwxfHNlYXJjaHwyfHxnbGFzc2VzJTIwZnJhbWVzJTIwY2xvc2V1cHxlbnwxfDB8fHwxNzgwMjU2NDQ4fDA&ixlib=rb-4.1.0&q=80&w=1080 → 200 (?ms, -586B)
[2026-06-02T00:32:04.401Z] GET https://images.unsplash.com/photo-1758656321519-02fb5f48dc7e?crop=entropy&cs=tinysrgb&fit=max&fm=jpg&ixid=M3w5MDEyMjl8MHwxfHNlYXJjaHwzfHx2aXNpb24lMjBjYXJlJTIwcHJvZmVzc2lvbmFsfGVufDF8MHx8fDE3ODAyNTY0NTB8MA&ixlib=rb-4.1.0&q=80&w=1080 → 200 (1ms, -587B)
[2026-06-02T00:32:04.404Z] GET https://images.unsplash.com/photo-1574422282888-4c30455ccdcf?crop=entropy&cs=tinysrgb&fit=max&fm=jpg&ixid=M3w5MDEyMjl8MHwxfHNlYXJjaHwxfHxnbGFzc2VzJTIwZnJhbWVzJTIwY2xvc2V1cHxlbnwxfDB8fHwxNzgwMjU2NDQ4fDA&ixlib=rb-4.1.0&q=80&w=1080 → 200 (?ms, -586B)
[2026-06-02T00:32:04.405Z] GET https://images.unsplash.com/photo-1714419835061-71c97189e5b5?crop=entropy&cs=tinysrgb&fit=max&fm=jpg&ixid=M3w5MDEyMjl8MHwxfHNlYXJjaHw0fHxzdW5nbGFzc2VzJTIwZGlzcGxheSUyMHJldGFpbHxlbnwxfDB8fHwxNzgwMjU2NDQ5fDA&ixlib=rb-4.1.0&q=80&w=1080 → 200 (?ms, -586B)
[2026-06-02T00:32:04.406Z] GET https://images.unsplash.com/photo-1608539733292-190446b22b83?crop=entropy&cs=tinysrgb&fit=max&fm=jpg&ixid=M3w5MDEyMjl8MHwxfHNlYXJjaHwyfHxzdW5nbGFzc2VzJTIwZGlzcGxheSUyMHJldGFpbHxlbnwxfDB8fHwxNzgwMjU2NDQ5fDA&ixlib=rb-4.1.0&q=80&w=1080 → 200 (?ms, -587B)
[2026-06-02T00:42:13.712Z] GET https://seunegociofralib.site/login → 200 (295ms, ?B)
[2026-06-02T00:42:14.233Z] GET https://fonts.googleapis.com/css2?family=Press+Start+2P&family=DM+Sans:opsz,wght@9..40,300;9..40,400;9..40,500;9..40,600;9..40,700&family=JetBrains+Mono:wght@400;500&display=swap → 200 (3ms, -698B)
[2026-06-02T00:42:14.233Z] GET https://seunegociofralib.site/images/Logo%20FraLib.png → 200 (17ms, ?B)
[2026-06-02T00:42:14.233Z] GET https://seunegociofralib.site/images/Mestre%20Fralib%20-%20Mago%20da%20IA.png → 200 (28ms, ?B)
[2026-06-02T00:42:14.585Z] GET https://fonts.gstatic.com/s/dmsans/v17/rP2Hp2ywxg089UriCZOIHQ.woff2 → 200 (14ms, -815B)
[2026-06-02T00:42:14.585Z] GET https://fonts.gstatic.com/s/jetbrainsmono/v24/tDbv2o-flEEny0FZhsfKu5WU4zr3E_BX0PnT8RD8yKwBNntkaToggR7BYRbKPxDcwg.woff2 → 200 (18ms, -815B)
[2026-06-02T00:42:14.585Z] GET https://fonts.gstatic.com/s/pressstart2p/v16/e3t4euO8T-267oIAQAu6jDQyK3nVivM.woff2 → 200 (19ms, -815B)
